// Jest Snapshot v1, https://goo.gl/fbAQLP

exports[`layout utilities getCSSLayout should create a valid CSS layout config 1`] = `
Object {
  "asideWidth": "210px",
  "breakpoints": Object {
    "desktopLarge": "1600px",
    "desktopMedium": "1440px",
    "desktopSmall": "1280px",
    "desktopXLarge": "1920px",
    "mobileMedium": "414px",
    "mobileSmall": "375px",
    "mobileXSmall": "320px",
    "tabletLandscape": "1024px",
    "tabletPortrait": "768px",
  },
  "contentMargins": Object {
    "desktop": "40px",
    "mobile": "24px",
    "tablet": "40px",
  },
  "contentWidth": Object {
    "desktopBlogMaxWidth": "800px",
    "desktopMaxWidth": "1200px",
  },
  "footerHeight": Object {
    "desktop": "210px",
    "mobile": "210px",
    "tablet": "210px",
  },
  "media": Object {
    "desktopLarge": "screen and (min-width: 1600px)",
    "desktopLargeOnly": "screen and (min-width: 1600px) and (max-width: 1920px)",
    "desktopMedium": "screen and (min-width: 1440px)",
    "desktopMediumOnly": "screen and (min-width: 1440px) and (max-width: 1600px)",
    "desktopSmall": "screen and (min-width: 1280px)",
    "desktopSmallOnly": "screen and (min-width: 1280px) and (max-width: 1440px)",
    "desktopXLarge": "screen and (min-width: 1920px)",
    "desktopXLargeOnly": "screen and (min-width: 1920px)",
    "mobile": "screen and (max-width: 768px)",
    "mobileOnly": "screen and (min-width: 0px) and (max-width: 768px)",
    "tablet": "screen and (min-width: 768px)",
    "tabletOnly": "screen and (min-width: 768px) and (max-width: 1280px)",
  },
  "sidebarWidth": Object {
    "desktop": "270px",
    "mobile": "375px",
    "tablet": "270px",
  },
  "topbarHeight": Object {
    "desktop": "60px",
    "mobile": "60px",
    "tablet": "60px",
  },
}
`;
