// Jest Snapshot v1, https://goo.gl/fbAQLP

exports[`shadows utilities getCSSSizing should create a valid CSS box-shadow property 1`] = `
Object {
  "baseFontSize": "9px",
  "ratio": 1.618,
  "sizes": Object {
    "desktop": Object {
      "x0": "9px",
      "x1": "9px",
      "x10": "144px",
      "x2": "13px",
      "x3": "21px",
      "x4": "34px",
      "x5": "55px",
      "x6": "89px",
      "x7": "44px",
      "x8": "33px",
      "x9": "77px",
    },
    "mobile": Object {
      "x0": "9px",
      "x1": "9px",
      "x10": "144px",
      "x2": "13px",
      "x3": "21px",
      "x4": "34px",
      "x5": "55px",
      "x6": "89px",
      "x7": "44px",
      "x8": "33px",
      "x9": "77px",
    },
    "tablet": Object {
      "x0": "9px",
      "x1": "9px",
      "x10": "144px",
      "x2": "13px",
      "x3": "21px",
      "x4": "34px",
      "x5": "55px",
      "x6": "89px",
      "x7": "44px",
      "x8": "33px",
      "x9": "77px",
    },
  },
  "var": Object {
    "x0": "var(-sizing-x0)",
    "x1": "var(-sizing-x1)",
    "x10": "var(-sizing-x10)",
    "x2": "var(-sizing-x2)",
    "x3": "var(-sizing-x3)",
    "x4": "var(-sizing-x4)",
    "x5": "var(-sizing-x5)",
    "x6": "var(-sizing-x6)",
    "x7": "var(-sizing-x7)",
    "x8": "var(-sizing-x8)",
    "x9": "var(-sizing-x9)",
  },
  "varNames": Object {
    "x0": "--sizing-x0",
    "x1": "--sizing-x1",
    "x10": "--sizing-x10",
    "x2": "--sizing-x2",
    "x3": "--sizing-x3",
    "x4": "--sizing-x4",
    "x5": "--sizing-x5",
    "x6": "--sizing-x6",
    "x7": "--sizing-x7",
    "x8": "--sizing-x8",
    "x9": "--sizing-x9",
  },
}
`;
