// Jest Snapshot v1, https://goo.gl/fbAQLP

exports[`colors utilities createCSSCapsizeTextStyle should create a valid CSS typography object 1`] = `
Object {
  "capHeight": 55,
  "capsize": Object {
    "::after": Object {
      "content": "''",
      "display": "block",
      "height": 0,
      "marginBottom": "-0.1371em",
    },
    "::before": Object {
      "content": "''",
      "display": "block",
      "height": 0,
      "marginTop": "-0.1098em",
    },
    "fontSize": "77.3626px",
    "lineHeight": "74px",
    "padding": "0.05px 0",
  },
  "font": Array [
    Object {
      "fontMetrics": Object {
        "ascent": 1900,
        "capHeight": 1456,
        "descent": -500,
        "lineGap": 0,
        "unitsPerEm": 2048,
      },
      "link": "https://fonts.google.com/specimen/Roboto",
      "name": "Roboto",
    },
    Object {
      "fontMetrics": Object {
        "ascent": 1900,
        "capHeight": 1456,
        "descent": -500,
        "lineGap": 0,
        "unitsPerEm": 2048,
      },
      "name": "ui-sans-serif",
    },
    Object {
      "fontMetrics": Object {
        "ascent": 1900,
        "capHeight": 1456,
        "descent": -500,
        "lineGap": 0,
        "unitsPerEm": 2048,
      },
      "name": "system-ui",
    },
    Object {
      "fontMetrics": Object {
        "ascent": 1900,
        "capHeight": 1456,
        "descent": -500,
        "lineGap": 0,
        "unitsPerEm": 2048,
      },
      "name": "-apple-system",
    },
    Object {
      "fontMetrics": Object {
        "ascent": 1900,
        "capHeight": 1456,
        "descent": -500,
        "lineGap": 0,
        "unitsPerEm": 2048,
      },
      "name": "BlinkMacSystemFont",
    },
    Object {
      "fontMetrics": Object {
        "ascent": 1900,
        "capHeight": 1456,
        "descent": -500,
        "lineGap": 0,
        "unitsPerEm": 2048,
      },
      "name": "\\"Segoe UI\\"",
    },
    Object {
      "fontMetrics": Object {
        "ascent": 1900,
        "capHeight": 1456,
        "descent": -500,
        "lineGap": 0,
        "unitsPerEm": 2048,
      },
      "name": "Roboto",
    },
    Object {
      "fontMetrics": Object {
        "ascent": 1900,
        "capHeight": 1456,
        "descent": -500,
        "lineGap": 0,
        "unitsPerEm": 2048,
      },
      "name": "\\"Helvetica Neue\\"",
    },
    Object {
      "fontMetrics": Object {
        "ascent": 1900,
        "capHeight": 1456,
        "descent": -500,
        "lineGap": 0,
        "unitsPerEm": 2048,
      },
      "name": "Arial",
    },
    Object {
      "fontMetrics": Object {
        "ascent": 1900,
        "capHeight": 1456,
        "descent": -500,
        "lineGap": 0,
        "unitsPerEm": 2048,
      },
      "name": "\\"Noto Sans\\"",
    },
    Object {
      "fontMetrics": Object {
        "ascent": 1900,
        "capHeight": 1456,
        "descent": -500,
        "lineGap": 0,
        "unitsPerEm": 2048,
      },
      "name": "sans-serif",
    },
    Object {
      "fontMetrics": Object {
        "ascent": 1900,
        "capHeight": 1456,
        "descent": -500,
        "lineGap": 0,
        "unitsPerEm": 2048,
      },
      "name": "\\"Apple Color Emoji\\"",
    },
    Object {
      "fontMetrics": Object {
        "ascent": 1900,
        "capHeight": 1456,
        "descent": -500,
        "lineGap": 0,
        "unitsPerEm": 2048,
      },
      "name": "\\"Segoe UI Emoji\\"",
    },
    Object {
      "fontMetrics": Object {
        "ascent": 1900,
        "capHeight": 1456,
        "descent": -500,
        "lineGap": 0,
        "unitsPerEm": 2048,
      },
      "name": "\\"Segoe UI Symbol\\"",
    },
    Object {
      "fontMetrics": Object {
        "ascent": 1900,
        "capHeight": 1456,
        "descent": -500,
        "lineGap": 0,
        "unitsPerEm": 2048,
      },
      "name": "\\"Noto Color Emoji\\"",
    },
  ],
  "fontFamily": "Roboto,ui-sans-serif,system-ui,-apple-system,BlinkMacSystemFont,\\"Segoe UI\\",Roboto,\\"Helvetica Neue\\",Arial,\\"Noto Sans\\",sans-serif,\\"Apple Color Emoji\\",\\"Segoe UI Emoji\\",\\"Segoe UI Symbol\\",\\"Noto Color Emoji\\"",
  "fontStyle": undefined,
  "fontWeight": undefined,
  "letterSpacing": "0px",
  "lineGap": 19,
  "textTransform": undefined,
}
`;

exports[`colors utilities getCSSTypography should create a valid CSS typography object 1`] = `
Object {
  "fonts": Object {
    "monospace": Array [
      Object {
        "fontMetrics": Object {
          "ascent": 984,
          "capHeight": 660,
          "descent": -273,
          "lineGap": 0,
          "unitsPerEm": 1000,
        },
        "link": "https://fonts.google.com/specimen/Source+Sans+Pro",
        "name": "Source Sans Pro",
      },
      Object {
        "fontMetrics": Object {
          "ascent": 1900,
          "capHeight": 1456,
          "descent": -500,
          "lineGap": 0,
          "unitsPerEm": 2048,
        },
        "name": "ui-monospace",
      },
      Object {
        "fontMetrics": Object {
          "ascent": 1900,
          "capHeight": 1456,
          "descent": -500,
          "lineGap": 0,
          "unitsPerEm": 2048,
        },
        "name": "SFMono-Regular",
      },
      Object {
        "fontMetrics": Object {
          "ascent": 1900,
          "capHeight": 1456,
          "descent": -500,
          "lineGap": 0,
          "unitsPerEm": 2048,
        },
        "name": "Menlo",
      },
      Object {
        "fontMetrics": Object {
          "ascent": 1900,
          "capHeight": 1456,
          "descent": -500,
          "lineGap": 0,
          "unitsPerEm": 2048,
        },
        "name": "Monaco",
      },
      Object {
        "fontMetrics": Object {
          "ascent": 1900,
          "capHeight": 1456,
          "descent": -500,
          "lineGap": 0,
          "unitsPerEm": 2048,
        },
        "name": "Consolas",
      },
      Object {
        "fontMetrics": Object {
          "ascent": 1900,
          "capHeight": 1456,
          "descent": -500,
          "lineGap": 0,
          "unitsPerEm": 2048,
        },
        "name": "\\"Liberation Mono\\"",
      },
      Object {
        "fontMetrics": Object {
          "ascent": 1900,
          "capHeight": 1456,
          "descent": -500,
          "lineGap": 0,
          "unitsPerEm": 2048,
        },
        "name": "\\"Courier New\\"",
      },
      Object {
        "fontMetrics": Object {
          "ascent": 1900,
          "capHeight": 1456,
          "descent": -500,
          "lineGap": 0,
          "unitsPerEm": 2048,
        },
        "name": "monospace",
      },
    ],
    "sans": Array [
      Object {
        "fontMetrics": Object {
          "ascent": 1900,
          "capHeight": 1456,
          "descent": -500,
          "lineGap": 0,
          "unitsPerEm": 2048,
        },
        "link": "https://fonts.google.com/specimen/Roboto",
        "name": "Roboto",
      },
      Object {
        "fontMetrics": Object {
          "ascent": 1900,
          "capHeight": 1456,
          "descent": -500,
          "lineGap": 0,
          "unitsPerEm": 2048,
        },
        "name": "ui-sans-serif",
      },
      Object {
        "fontMetrics": Object {
          "ascent": 1900,
          "capHeight": 1456,
          "descent": -500,
          "lineGap": 0,
          "unitsPerEm": 2048,
        },
        "name": "system-ui",
      },
      Object {
        "fontMetrics": Object {
          "ascent": 1900,
          "capHeight": 1456,
          "descent": -500,
          "lineGap": 0,
          "unitsPerEm": 2048,
        },
        "name": "-apple-system",
      },
      Object {
        "fontMetrics": Object {
          "ascent": 1900,
          "capHeight": 1456,
          "descent": -500,
          "lineGap": 0,
          "unitsPerEm": 2048,
        },
        "name": "BlinkMacSystemFont",
      },
      Object {
        "fontMetrics": Object {
          "ascent": 1900,
          "capHeight": 1456,
          "descent": -500,
          "lineGap": 0,
          "unitsPerEm": 2048,
        },
        "name": "\\"Segoe UI\\"",
      },
      Object {
        "fontMetrics": Object {
          "ascent": 1900,
          "capHeight": 1456,
          "descent": -500,
          "lineGap": 0,
          "unitsPerEm": 2048,
        },
        "name": "Roboto",
      },
      Object {
        "fontMetrics": Object {
          "ascent": 1900,
          "capHeight": 1456,
          "descent": -500,
          "lineGap": 0,
          "unitsPerEm": 2048,
        },
        "name": "\\"Helvetica Neue\\"",
      },
      Object {
        "fontMetrics": Object {
          "ascent": 1900,
          "capHeight": 1456,
          "descent": -500,
          "lineGap": 0,
          "unitsPerEm": 2048,
        },
        "name": "Arial",
      },
      Object {
        "fontMetrics": Object {
          "ascent": 1900,
          "capHeight": 1456,
          "descent": -500,
          "lineGap": 0,
          "unitsPerEm": 2048,
        },
        "name": "\\"Noto Sans\\"",
      },
      Object {
        "fontMetrics": Object {
          "ascent": 1900,
          "capHeight": 1456,
          "descent": -500,
          "lineGap": 0,
          "unitsPerEm": 2048,
        },
        "name": "sans-serif",
      },
      Object {
        "fontMetrics": Object {
          "ascent": 1900,
          "capHeight": 1456,
          "descent": -500,
          "lineGap": 0,
          "unitsPerEm": 2048,
        },
        "name": "\\"Apple Color Emoji\\"",
      },
      Object {
        "fontMetrics": Object {
          "ascent": 1900,
          "capHeight": 1456,
          "descent": -500,
          "lineGap": 0,
          "unitsPerEm": 2048,
        },
        "name": "\\"Segoe UI Emoji\\"",
      },
      Object {
        "fontMetrics": Object {
          "ascent": 1900,
          "capHeight": 1456,
          "descent": -500,
          "lineGap": 0,
          "unitsPerEm": 2048,
        },
        "name": "\\"Segoe UI Symbol\\"",
      },
      Object {
        "fontMetrics": Object {
          "ascent": 1900,
          "capHeight": 1456,
          "descent": -500,
          "lineGap": 0,
          "unitsPerEm": 2048,
        },
        "name": "\\"Noto Color Emoji\\"",
      },
    ],
    "sansAlternate": Array [
      Object {
        "fontMetrics": Object {
          "ascent": 1900,
          "capHeight": 1456,
          "descent": -500,
          "lineGap": 0,
          "unitsPerEm": 2048,
        },
        "link": "https://fonts.google.com/specimen/Roboto",
        "name": "Roboto",
      },
      Object {
        "fontMetrics": Object {
          "ascent": 1900,
          "capHeight": 1456,
          "descent": -500,
          "lineGap": 0,
          "unitsPerEm": 2048,
        },
        "name": "ui-sans-serif",
      },
      Object {
        "fontMetrics": Object {
          "ascent": 1900,
          "capHeight": 1456,
          "descent": -500,
          "lineGap": 0,
          "unitsPerEm": 2048,
        },
        "name": "system-ui",
      },
      Object {
        "fontMetrics": Object {
          "ascent": 1900,
          "capHeight": 1456,
          "descent": -500,
          "lineGap": 0,
          "unitsPerEm": 2048,
        },
        "name": "-apple-system",
      },
      Object {
        "fontMetrics": Object {
          "ascent": 1900,
          "capHeight": 1456,
          "descent": -500,
          "lineGap": 0,
          "unitsPerEm": 2048,
        },
        "name": "BlinkMacSystemFont",
      },
      Object {
        "fontMetrics": Object {
          "ascent": 1900,
          "capHeight": 1456,
          "descent": -500,
          "lineGap": 0,
          "unitsPerEm": 2048,
        },
        "name": "\\"Segoe UI\\"",
      },
      Object {
        "fontMetrics": Object {
          "ascent": 1900,
          "capHeight": 1456,
          "descent": -500,
          "lineGap": 0,
          "unitsPerEm": 2048,
        },
        "name": "Roboto",
      },
      Object {
        "fontMetrics": Object {
          "ascent": 1900,
          "capHeight": 1456,
          "descent": -500,
          "lineGap": 0,
          "unitsPerEm": 2048,
        },
        "name": "\\"Helvetica Neue\\"",
      },
      Object {
        "fontMetrics": Object {
          "ascent": 1900,
          "capHeight": 1456,
          "descent": -500,
          "lineGap": 0,
          "unitsPerEm": 2048,
        },
        "name": "Arial",
      },
      Object {
        "fontMetrics": Object {
          "ascent": 1900,
          "capHeight": 1456,
          "descent": -500,
          "lineGap": 0,
          "unitsPerEm": 2048,
        },
        "name": "\\"Noto Sans\\"",
      },
      Object {
        "fontMetrics": Object {
          "ascent": 1900,
          "capHeight": 1456,
          "descent": -500,
          "lineGap": 0,
          "unitsPerEm": 2048,
        },
        "name": "sans-serif",
      },
      Object {
        "fontMetrics": Object {
          "ascent": 1900,
          "capHeight": 1456,
          "descent": -500,
          "lineGap": 0,
          "unitsPerEm": 2048,
        },
        "name": "\\"Apple Color Emoji\\"",
      },
      Object {
        "fontMetrics": Object {
          "ascent": 1900,
          "capHeight": 1456,
          "descent": -500,
          "lineGap": 0,
          "unitsPerEm": 2048,
        },
        "name": "\\"Segoe UI Emoji\\"",
      },
      Object {
        "fontMetrics": Object {
          "ascent": 1900,
          "capHeight": 1456,
          "descent": -500,
          "lineGap": 0,
          "unitsPerEm": 2048,
        },
        "name": "\\"Segoe UI Symbol\\"",
      },
      Object {
        "fontMetrics": Object {
          "ascent": 1900,
          "capHeight": 1456,
          "descent": -500,
          "lineGap": 0,
          "unitsPerEm": 2048,
        },
        "name": "\\"Noto Color Emoji\\"",
      },
    ],
    "serif": Array [
      Object {
        "fontMetrics": Object {
          "ascent": 848,
          "capHeight": 660,
          "descent": -260,
          "lineGap": 0,
          "unitsPerEm": 1000,
        },
        "link": "https://fonts.google.com/specimen/Quattrocento",
        "name": "Quattrocento",
      },
      Object {
        "fontMetrics": Object {
          "ascent": 1900,
          "capHeight": 1456,
          "descent": -500,
          "lineGap": 0,
          "unitsPerEm": 2048,
        },
        "name": "ui-serif",
      },
      Object {
        "fontMetrics": Object {
          "ascent": 1900,
          "capHeight": 1456,
          "descent": -500,
          "lineGap": 0,
          "unitsPerEm": 2048,
        },
        "name": "Georgia",
      },
      Object {
        "fontMetrics": Object {
          "ascent": 1900,
          "capHeight": 1456,
          "descent": -500,
          "lineGap": 0,
          "unitsPerEm": 2048,
        },
        "name": "Cambria",
      },
      Object {
        "fontMetrics": Object {
          "ascent": 1900,
          "capHeight": 1456,
          "descent": -500,
          "lineGap": 0,
          "unitsPerEm": 2048,
        },
        "name": "\\"Times New Roman\\"",
      },
      Object {
        "fontMetrics": Object {
          "ascent": 1900,
          "capHeight": 1456,
          "descent": -500,
          "lineGap": 0,
          "unitsPerEm": 2048,
        },
        "name": "Times",
      },
      Object {
        "fontMetrics": Object {
          "ascent": 1900,
          "capHeight": 1456,
          "descent": -500,
          "lineGap": 0,
          "unitsPerEm": 2048,
        },
        "name": "serif",
      },
    ],
    "var": Array [
      "--font-family-monospace",
      "--font-family-sans",
      "--font-family-sans-alternate",
      "--font-family-serif",
    ],
    "varNames": Array [
      "var(--font-family-monospace)",
      "var(--font-family-sans)",
      "var(--font-family-sans-alternate)",
      "var(--font-family-serif)",
    ],
  },
  "headings": Object {
    "desktop": Object {
      "h1": Object {
        "fontStyle": undefined,
        "fontWeight": 400,
        "textTransform": undefined,
      },
      "h2": Object {
        "fontStyle": undefined,
        "fontWeight": 400,
        "textTransform": undefined,
      },
      "h3": Object {
        "fontStyle": undefined,
        "fontWeight": 400,
        "textTransform": undefined,
      },
      "h4": Object {
        "fontStyle": undefined,
        "fontWeight": 400,
        "textTransform": undefined,
      },
    },
    "font": Array [
      Object {
        "fontMetrics": Object {
          "ascent": 848,
          "capHeight": 660,
          "descent": -260,
          "lineGap": 0,
          "unitsPerEm": 1000,
        },
        "link": "https://fonts.google.com/specimen/Quattrocento",
        "name": "Quattrocento",
      },
      Object {
        "fontMetrics": Object {
          "ascent": 1900,
          "capHeight": 1456,
          "descent": -500,
          "lineGap": 0,
          "unitsPerEm": 2048,
        },
        "name": "ui-serif",
      },
      Object {
        "fontMetrics": Object {
          "ascent": 1900,
          "capHeight": 1456,
          "descent": -500,
          "lineGap": 0,
          "unitsPerEm": 2048,
        },
        "name": "Georgia",
      },
      Object {
        "fontMetrics": Object {
          "ascent": 1900,
          "capHeight": 1456,
          "descent": -500,
          "lineGap": 0,
          "unitsPerEm": 2048,
        },
        "name": "Cambria",
      },
      Object {
        "fontMetrics": Object {
          "ascent": 1900,
          "capHeight": 1456,
          "descent": -500,
          "lineGap": 0,
          "unitsPerEm": 2048,
        },
        "name": "\\"Times New Roman\\"",
      },
      Object {
        "fontMetrics": Object {
          "ascent": 1900,
          "capHeight": 1456,
          "descent": -500,
          "lineGap": 0,
          "unitsPerEm": 2048,
        },
        "name": "Times",
      },
      Object {
        "fontMetrics": Object {
          "ascent": 1900,
          "capHeight": 1456,
          "descent": -500,
          "lineGap": 0,
          "unitsPerEm": 2048,
        },
        "name": "serif",
      },
    ],
    "mobile": Object {
      "h1": Object {
        "fontStyle": undefined,
        "fontWeight": 400,
        "textTransform": undefined,
      },
      "h2": Object {
        "fontStyle": undefined,
        "fontWeight": 400,
        "textTransform": undefined,
      },
      "h3": Object {
        "fontStyle": undefined,
        "fontWeight": 400,
        "textTransform": undefined,
      },
      "h4": Object {
        "fontStyle": undefined,
        "fontWeight": 400,
        "textTransform": undefined,
      },
    },
    "tablet": Object {
      "h1": Object {
        "fontStyle": undefined,
        "fontWeight": 400,
        "textTransform": undefined,
      },
      "h2": Object {
        "fontStyle": undefined,
        "fontWeight": 400,
        "textTransform": undefined,
      },
      "h3": Object {
        "fontStyle": undefined,
        "fontWeight": 400,
        "textTransform": undefined,
      },
      "h4": Object {
        "fontStyle": undefined,
        "fontWeight": 400,
        "textTransform": undefined,
      },
    },
  },
  "labels": Object {
    "desktop": Object {
      "medium": Object {
        "fontStyle": undefined,
        "fontWeight": 400,
        "textTransform": undefined,
      },
      "small": Object {
        "fontStyle": undefined,
        "fontWeight": 400,
        "textTransform": undefined,
      },
      "xSmall": Object {
        "fontStyle": undefined,
        "fontWeight": 400,
        "textTransform": undefined,
      },
    },
    "font": Array [
      Object {
        "fontMetrics": Object {
          "ascent": 848,
          "capHeight": 660,
          "descent": -260,
          "lineGap": 0,
          "unitsPerEm": 1000,
        },
        "link": "https://fonts.google.com/specimen/Quattrocento",
        "name": "Quattrocento",
      },
      Object {
        "fontMetrics": Object {
          "ascent": 1900,
          "capHeight": 1456,
          "descent": -500,
          "lineGap": 0,
          "unitsPerEm": 2048,
        },
        "name": "ui-serif",
      },
      Object {
        "fontMetrics": Object {
          "ascent": 1900,
          "capHeight": 1456,
          "descent": -500,
          "lineGap": 0,
          "unitsPerEm": 2048,
        },
        "name": "Georgia",
      },
      Object {
        "fontMetrics": Object {
          "ascent": 1900,
          "capHeight": 1456,
          "descent": -500,
          "lineGap": 0,
          "unitsPerEm": 2048,
        },
        "name": "Cambria",
      },
      Object {
        "fontMetrics": Object {
          "ascent": 1900,
          "capHeight": 1456,
          "descent": -500,
          "lineGap": 0,
          "unitsPerEm": 2048,
        },
        "name": "\\"Times New Roman\\"",
      },
      Object {
        "fontMetrics": Object {
          "ascent": 1900,
          "capHeight": 1456,
          "descent": -500,
          "lineGap": 0,
          "unitsPerEm": 2048,
        },
        "name": "Times",
      },
      Object {
        "fontMetrics": Object {
          "ascent": 1900,
          "capHeight": 1456,
          "descent": -500,
          "lineGap": 0,
          "unitsPerEm": 2048,
        },
        "name": "serif",
      },
    ],
    "mobile": Object {
      "medium": Object {
        "fontStyle": undefined,
        "fontWeight": 400,
        "textTransform": undefined,
      },
      "small": Object {
        "fontStyle": undefined,
        "fontWeight": 400,
        "textTransform": undefined,
      },
      "xSmall": Object {
        "fontStyle": undefined,
        "fontWeight": 400,
        "textTransform": undefined,
      },
    },
    "styles": Object {
      "bold": Object {
        "fontStyle": undefined,
        "fontWeight": 500,
        "textTransform": undefined,
      },
      "boldUppercase": Object {
        "fontStyle": undefined,
        "fontWeight": 500,
        "textTransform": "uppercase",
      },
      "uppercase": Object {
        "fontStyle": undefined,
        "fontWeight": 400,
        "textTransform": "uppercase",
      },
    },
    "tablet": Object {
      "medium": Object {
        "fontStyle": undefined,
        "fontWeight": 400,
        "textTransform": undefined,
      },
      "small": Object {
        "fontStyle": undefined,
        "fontWeight": 400,
        "textTransform": undefined,
      },
      "xSmall": Object {
        "fontStyle": undefined,
        "fontWeight": 400,
        "textTransform": undefined,
      },
    },
  },
  "paragraphs": Object {
    "desktop": Object {
      "large": Object {
        "fontStyle": undefined,
        "fontWeight": 400,
        "textTransform": undefined,
      },
      "medium": Object {
        "fontStyle": undefined,
        "fontWeight": 400,
        "textTransform": undefined,
      },
      "small": Object {
        "fontStyle": undefined,
        "fontWeight": 400,
        "textTransform": undefined,
      },
      "xSmall": Object {
        "fontStyle": undefined,
        "fontWeight": 400,
        "textTransform": undefined,
      },
    },
    "font": Array [
      Object {
        "fontMetrics": Object {
          "ascent": 848,
          "capHeight": 660,
          "descent": -260,
          "lineGap": 0,
          "unitsPerEm": 1000,
        },
        "link": "https://fonts.google.com/specimen/Quattrocento",
        "name": "Quattrocento",
      },
      Object {
        "fontMetrics": Object {
          "ascent": 1900,
          "capHeight": 1456,
          "descent": -500,
          "lineGap": 0,
          "unitsPerEm": 2048,
        },
        "name": "ui-serif",
      },
      Object {
        "fontMetrics": Object {
          "ascent": 1900,
          "capHeight": 1456,
          "descent": -500,
          "lineGap": 0,
          "unitsPerEm": 2048,
        },
        "name": "Georgia",
      },
      Object {
        "fontMetrics": Object {
          "ascent": 1900,
          "capHeight": 1456,
          "descent": -500,
          "lineGap": 0,
          "unitsPerEm": 2048,
        },
        "name": "Cambria",
      },
      Object {
        "fontMetrics": Object {
          "ascent": 1900,
          "capHeight": 1456,
          "descent": -500,
          "lineGap": 0,
          "unitsPerEm": 2048,
        },
        "name": "\\"Times New Roman\\"",
      },
      Object {
        "fontMetrics": Object {
          "ascent": 1900,
          "capHeight": 1456,
          "descent": -500,
          "lineGap": 0,
          "unitsPerEm": 2048,
        },
        "name": "Times",
      },
      Object {
        "fontMetrics": Object {
          "ascent": 1900,
          "capHeight": 1456,
          "descent": -500,
          "lineGap": 0,
          "unitsPerEm": 2048,
        },
        "name": "serif",
      },
    ],
    "mobile": Object {
      "large": Object {
        "fontStyle": undefined,
        "fontWeight": 400,
        "textTransform": undefined,
      },
      "medium": Object {
        "fontStyle": undefined,
        "fontWeight": 400,
        "textTransform": undefined,
      },
      "small": Object {
        "fontStyle": undefined,
        "fontWeight": 400,
        "textTransform": undefined,
      },
      "xSmall": Object {
        "fontStyle": undefined,
        "fontWeight": 400,
        "textTransform": undefined,
      },
    },
    "styles": Object {
      "bold": Object {
        "fontStyle": undefined,
        "fontWeight": 500,
        "textTransform": undefined,
      },
      "italic": Object {
        "fontStyle": "italic",
        "fontWeight": 400,
        "textTransform": undefined,
      },
    },
    "tablet": Object {
      "large": Object {
        "fontStyle": undefined,
        "fontWeight": 400,
        "textTransform": undefined,
      },
      "medium": Object {
        "fontStyle": undefined,
        "fontWeight": 400,
        "textTransform": undefined,
      },
      "small": Object {
        "fontStyle": undefined,
        "fontWeight": 400,
        "textTransform": undefined,
      },
      "xSmall": Object {
        "fontStyle": undefined,
        "fontWeight": 400,
        "textTransform": undefined,
      },
    },
  },
  "titles": Object {
    "desktop": Object {
      "t1": Object {
        "fontStyle": undefined,
        "fontWeight": 400,
        "textTransform": undefined,
      },
      "t2": Object {
        "fontStyle": undefined,
        "fontWeight": 400,
        "textTransform": undefined,
      },
    },
    "font": Array [
      Object {
        "fontMetrics": Object {
          "ascent": 848,
          "capHeight": 660,
          "descent": -260,
          "lineGap": 0,
          "unitsPerEm": 1000,
        },
        "link": "https://fonts.google.com/specimen/Quattrocento",
        "name": "Quattrocento",
      },
      Object {
        "fontMetrics": Object {
          "ascent": 1900,
          "capHeight": 1456,
          "descent": -500,
          "lineGap": 0,
          "unitsPerEm": 2048,
        },
        "name": "ui-serif",
      },
      Object {
        "fontMetrics": Object {
          "ascent": 1900,
          "capHeight": 1456,
          "descent": -500,
          "lineGap": 0,
          "unitsPerEm": 2048,
        },
        "name": "Georgia",
      },
      Object {
        "fontMetrics": Object {
          "ascent": 1900,
          "capHeight": 1456,
          "descent": -500,
          "lineGap": 0,
          "unitsPerEm": 2048,
        },
        "name": "Cambria",
      },
      Object {
        "fontMetrics": Object {
          "ascent": 1900,
          "capHeight": 1456,
          "descent": -500,
          "lineGap": 0,
          "unitsPerEm": 2048,
        },
        "name": "\\"Times New Roman\\"",
      },
      Object {
        "fontMetrics": Object {
          "ascent": 1900,
          "capHeight": 1456,
          "descent": -500,
          "lineGap": 0,
          "unitsPerEm": 2048,
        },
        "name": "Times",
      },
      Object {
        "fontMetrics": Object {
          "ascent": 1900,
          "capHeight": 1456,
          "descent": -500,
          "lineGap": 0,
          "unitsPerEm": 2048,
        },
        "name": "serif",
      },
    ],
    "mobile": Object {
      "t1": Object {
        "fontStyle": undefined,
        "fontWeight": 400,
        "textTransform": undefined,
      },
      "t2": Object {
        "fontStyle": undefined,
        "fontWeight": 400,
        "textTransform": undefined,
      },
    },
    "tablet": Object {
      "t1": Object {
        "fontStyle": undefined,
        "fontWeight": 400,
        "textTransform": undefined,
      },
      "t2": Object {
        "fontStyle": undefined,
        "fontWeight": 400,
        "textTransform": undefined,
      },
    },
  },
}
`;
