// Jest Snapshot v1, https://goo.gl/fbAQLP

exports[`props should render correctly 1`] = `
<div
  class="center style_theme"
  style="color: red;"
>
  <div />
  <div
    class="style_theme center-div"
  >
    Hello world
  </div>
  <div />
</div>
`;
