// Jest Snapshot v1, https://goo.gl/fbAQLP

exports[`the button component should render correctly 1`] = `
<button
  class="style_theme style_theme style_theme"
  dataicon="none"
>
  <div
    class="style_theme style_theme style_theme style_theme"
  >
    Hello world
  </div>
</button>
`;
